<?xml version="1.0" encoding="UTF-8"?>
<testsuites name="jest tests" tests="8" failures="1" time="11.347">
  <testsuite name="undefined" errors="0" failures="1" skipped="0" timestamp="2021-09-03T10:56:40" time="11.106" tests="8">
    <testcase classname=" 用户A创建房间room-1977，用户B在大厅监听该房间的创建" name=" 用户A创建房间room-1977，用户B在大厅监听该房间的创建" time="5.241">
    </testcase>
    <testcase classname=" 用户A创建房间room-1977，用户B进入该房间，用户A监听用户B进入/离开房间的事件" name=" 用户A创建房间room-1977，用户B进入该房间，用户A监听用户B进入/离开房间的事件" time="1.165">
    </testcase>
    <testcase classname=" 用户A创建房间room-1977，用户B进入该房间，用户A发送消息，用户B监听消息" name=" 用户A创建房间room-1977，用户B进入该房间，用户A发送消息，用户B监听消息" time="1.114">
    </testcase>
    <testcase classname=" 用户A创建房间room-1977，用户B进入该房间，房主（用户A）修改房间信息，用户B监听房间修改消息，用户B尝试修改房间信息，由于用户B不是房主，所以修改信息失败" name=" 用户A创建房间room-1977，用户B进入该房间，房主（用户A）修改房间信息，用户B监听房间修改消息，用户B尝试修改房间信息，由于用户B不是房主，所以修改信息失败" time="0.009">
    </testcase>
    <testcase classname=" 用户A创建公开房间room-1977，用户B在大厅查询房间列表，可以查询到room-1977房间。用户A将其改为私有房间后，用户B再次查询，无法查询到该房间" name=" 用户A创建公开房间room-1977，用户B在大厅查询房间列表，可以查询到room-1977房间。用户A将其改为私有房间后，用户B再次查询，无法查询到该房间" time="0.01">
    </testcase>
    <testcase classname=" 用户A创建私有房间room-1977，用户B在大厅查询房间列表，无法查询到room-1977房间。用户A将其改为公共房间后，用户B再次查询，可以查询到该房间" name=" 用户A创建私有房间room-1977，用户B在大厅查询房间列表，无法查询到room-1977房间。用户A将其改为公共房间后，用户B再次查询，可以查询到该房间" time="0.007">
    </testcase>
    <testcase classname=" 用户A创建公共房间room-1977，并禁止其他用户进入房间，用户B尝试进入该房间，无法进入" name=" 用户A创建公共房间room-1977，并禁止其他用户进入房间，用户B尝试进入该房间，无法进入" time="0.007">
    </testcase>
    <testcase classname=" 用户A创建房间room-1977，用户B进入该房间，用户A开启帧同步并发送帧消息(进度0, 10, 20, ...100)，用户B监听帧消息" name=" 用户A创建房间room-1977，用户B进入该房间，用户A开启帧同步并发送帧消息(进度0, 10, 20, ...100)，用户B监听帧消息" time="0.202">
      <failure>Error: expect(received).toBe(expected) // Object.is equality

Expected: 1
Received: 0
    at C:\Users\Naruto\Desktop\code\cola-game-server\tests\cola.test.ts:273:26
    at WSClient.&lt;anonymous&gt; (C:\Users\Naruto\Desktop\code\cola-game-server\tests\client\Cola.ts:2339:7)
    at WSClient.emit (C:\Users\Naruto\Desktop\code\cola-game-server\tests\client\PinusForEgret.ts:11019:24)
    at WSClient.processMessage (C:\Users\Naruto\Desktop\code\cola-game-server\tests\client\PinusForEgret.ts:10428:14)
    at WSClient.onData (C:\Users\Naruto\Desktop\code\cola-game-server\tests\client\PinusForEgret.ts:10402:12)
    at WSClient.processPackage (C:\Users\Naruto\Desktop\code\cola-game-server\tests\client\PinusForEgret.ts:10835:31)
    at WSClient.onMessage (C:\Users\Naruto\Desktop\code\cola-game-server\tests\client\PinusForEgret.ts:10295:12)
    at WebSocket.onmessage (C:\Users\Naruto\Desktop\code\cola-game-server\tests\client\PinusForEgret.ts:10105:14)
    at WebSocket.onMessage (C:\Users\Naruto\Desktop\code\cola-game-server\node_modules\ws\lib\event-target.js:132:16)
    at WebSocket.emit (events.js:315:20)</failure>
    </testcase>
  </testsuite>
</testsuites>